Release 14.4 - xst P.49d (nt64)
Copyright (c) 1995-2012 Xilinx, Inc.  All rights reserved.
--> Parameter TMPDIR set to xst/projnav.tmp


Total REAL time to Xst completion: 0.00 secs
Total CPU time to Xst completion: 0.09 secs
 
--> Parameter xsthdpdir set to xst


Total REAL time to Xst completion: 0.00 secs
Total CPU time to Xst completion: 0.09 secs
 
--> Reading design: OctaveKeyboardTop.prj

TABLE OF CONTENTS
  1) Synthesis Options Summary
  2) HDL Parsing
  3) HDL Elaboration
  4) HDL Synthesis
       4.1) HDL Synthesis Report
  5) Advanced HDL Synthesis
       5.1) Advanced HDL Synthesis Report
  6) Low Level Synthesis
  7) Partition Report
  8) Design Summary
       8.1) Primitive and Black Box Usage
       8.2) Device utilization summary
       8.3) Partition Resource Summary
       8.4) Timing Report
            8.4.1) Clock Information
            8.4.2) Asynchronous Control Signals Information
            8.4.3) Timing Summary
            8.4.4) Timing Details
            8.4.5) Cross Clock Domains Report


=========================================================================
*                      Synthesis Options Summary                        *
=========================================================================
---- Source Parameters
Input File Name                    : "OctaveKeyboardTop.prj"
Ignore Synthesis Constraint File   : NO

---- Target Parameters
Output File Name                   : "OctaveKeyboardTop"
Output Format                      : NGC
Target Device                      : xa7a100t-2I-csg324

---- Source Options
Top Module Name                    : OctaveKeyboardTop
Automatic FSM Extraction           : YES
FSM Encoding Algorithm             : Auto
Safe Implementation                : No
FSM Style                          : LUT
RAM Extraction                     : Yes
RAM Style                          : Auto
ROM Extraction                     : Yes
Shift Register Extraction          : YES
ROM Style                          : Auto
Resource Sharing                   : YES
Asynchronous To Synchronous        : NO
Shift Register Minimum Size        : 2
Use DSP Block                      : Auto
Automatic Register Balancing       : No

---- Target Options
LUT Combining                      : Auto
Reduce Control Sets                : Auto
Add IO Buffers                     : YES
Global Maximum Fanout              : 100000
Add Generic Clock Buffer(BUFG)     : 32
Register Duplication               : YES
Optimize Instantiated Primitives   : NO
Use Clock Enable                   : Auto
Use Synchronous Set                : Auto
Use Synchronous Reset              : Auto
Pack IO Registers into IOBs        : Auto
Equivalent register Removal        : YES

---- General Options
Optimization Goal                  : Speed
Optimization Effort                : 1
Power Reduction                    : NO
Keep Hierarchy                     : No
Netlist Hierarchy                  : As_Optimized
RTL Output                         : Yes
Global Optimization                : AllClockNets
Read Cores                         : YES
Write Timing Constraints           : NO
Cross Clock Analysis               : NO
Hierarchy Separator                : /
Bus Delimiter                      : <>
Case Specifier                     : Maintain
Slice Utilization Ratio            : 100
BRAM Utilization Ratio             : 100
DSP48 Utilization Ratio            : 100
Auto BRAM Packing                  : NO
Slice Utilization Ratio Delta      : 5

---- Other Options
Cores Search Directories           : {"ipcore_dir"  }

=========================================================================


=========================================================================
*                          HDL Parsing                                  *
=========================================================================
Parsing VHDL file "C:\Users\F000JW7\Desktop\octave-keyboard\OctaveKeyboard\ipcore_dir\SinLUT.vhd" into library work
Parsing entity <SinLUT>.
Parsing architecture <SinLUT_a> of entity <sinlut>.
Parsing VHDL file "C:\Users\F000JW7\Desktop\octave-keyboard\OctaveKeyboard\PWM.vhd" into library work
Parsing entity <PWM>.
Parsing architecture <Behavioral> of entity <pwm>.
Parsing VHDL file "C:\Users\F000JW7\Desktop\octave-keyboard\OctaveKeyboard\FreqLUT.vhd" into library work
Parsing entity <FreqLUT>.
Parsing architecture <Behavioral> of entity <freqlut>.
Parsing VHDL file "C:\Users\F000JW7\Desktop\octave-keyboard\OctaveKeyboard\DDS.vhd" into library work
Parsing entity <DDS>.
Parsing architecture <Behavioral> of entity <dds>.
Parsing VHDL file "C:\Users\F000JW7\Desktop\octave-keyboard\OctaveKeyboard\Controller.vhd" into library work
Parsing entity <Controller>.
Parsing architecture <Behavioral> of entity <controller>.
Parsing VHDL file "C:\Users\F000JW7\Desktop\octave-keyboard\OctaveKeyboard\OctaveKeyboardTop.vhd" into library work
Parsing entity <OctaveKeyboardTop>.
Parsing architecture <Behavioral> of entity <octavekeyboardtop>.

=========================================================================
*                            HDL Elaboration                            *
=========================================================================

Elaborating entity <OctaveKeyboardTop> (architecture <Behavioral>) with generics from library <work>.

Elaborating entity <Controller> (architecture <Behavioral>) from library <work>.

Elaborating entity <FreqLUT> (architecture <Behavioral>) with generics from library <work>.

Elaborating entity <DDS> (architecture <Behavioral>) with generics from library <work>.

Elaborating entity <PWM> (architecture <Behavioral>) with generics from library <work>.

Elaborating entity <SinLUT> (architecture <SinLUT_a>) from library <work>.

=========================================================================
*                           HDL Synthesis                               *
=========================================================================

Synthesizing Unit <OctaveKeyboardTop>.
    Related source file is "C:\Users\F000JW7\Desktop\octave-keyboard\OctaveKeyboard\OctaveKeyboardTop.vhd".
        ACCUMSIZE = 13
        INDEXSIZE = 8
        LUTOUT = 10
        CLKFREQ = 10000
INFO:Xst:3210 - "C:\Users\F000JW7\Desktop\octave-keyboard\OctaveKeyboard\OctaveKeyboardTop.vhd" line 116: Output port <m_axis_data_tvalid> of the instance <SinFreqs> is unconnected or connected to loadless signal.
    Summary:
	no macro.
Unit <OctaveKeyboardTop> synthesized.

Synthesizing Unit <Controller>.
    Related source file is "C:\Users\F000JW7\Desktop\octave-keyboard\OctaveKeyboard\Controller.vhd".
    Found 4-bit register for signal <curr_state>.
    Found finite state machine <FSM_0> for signal <curr_state>.
    -----------------------------------------------------------------------
    | States             | 9                                              |
    | Transitions        | 25                                             |
    | Inputs             | 8                                              |
    | Outputs            | 8                                              |
    | Clock              | clk (rising_edge)                              |
    | Power Up State     | idle                                           |
    | Encoding           | auto                                           |
    | Implementation     | LUT                                            |
    -----------------------------------------------------------------------
    Summary:
	inferred   1 Multiplexer(s).
	inferred   1 Finite State Machine(s).
Unit <Controller> synthesized.

Synthesizing Unit <FreqLUT>.
    Related source file is "C:\Users\F000JW7\Desktop\octave-keyboard\OctaveKeyboard\FreqLUT.vhd".
        ACCUMSIZE = 13
        CLKFREQ = 10000
WARNING:Xst:647 - Input <key_in> is never used. This port will be preserved and left unconnected if it belongs to a top-level block or it belongs to a sub-block and the hierarchy of this sub-block is preserved.
WARNING:Xst:647 - Input <clk> is never used. This port will be preserved and left unconnected if it belongs to a top-level block or it belongs to a sub-block and the hierarchy of this sub-block is preserved.
    Summary:
	no macro.
Unit <FreqLUT> synthesized.

Synthesizing Unit <DDS>.
    Related source file is "C:\Users\F000JW7\Desktop\octave-keyboard\OctaveKeyboard\DDS.vhd".
        ACCUMSIZE = 13
        INDEXSIZE = 8
        CLKFREQ = 100000000
    Found 8-bit register for signal <phase>.
    Found 13-bit register for signal <curr_phase>.
    Found 13-bit adder for signal <curr_phase[12]_step[12]_add_0_OUT> created at line 48.
    Summary:
	inferred   1 Adder/Subtractor(s).
	inferred  21 D-type flip-flop(s).
Unit <DDS> synthesized.

Synthesizing Unit <PWM>.
    Related source file is "C:\Users\F000JW7\Desktop\octave-keyboard\OctaveKeyboard\PWM.vhd".
        LUTOUT = 10
        CLKFREQ = 100000000
    Found 1-bit register for signal <pulse>.
    Found 1-bit register for signal <slowclk>.
    Found 10-bit register for signal <count>.
    Found 10-bit adder for signal <count[9]_GND_8_o_add_0_OUT> created at line 1241.
    Found 10-bit comparator greater for signal <count[9]_offset[9]_LessThan_2_o> created at line 54
    Summary:
	inferred   1 Adder/Subtractor(s).
	inferred  12 D-type flip-flop(s).
	inferred   1 Comparator(s).
Unit <PWM> synthesized.

=========================================================================
HDL Synthesis Report

Macro Statistics
# Adders/Subtractors                                   : 2
 10-bit adder                                          : 1
 13-bit adder                                          : 1
# Registers                                            : 5
 1-bit register                                        : 2
 10-bit register                                       : 1
 13-bit register                                       : 1
 8-bit register                                        : 1
# Comparators                                          : 1
 10-bit comparator greater                             : 1
# Multiplexers                                         : 1
 8-bit 2-to-1 multiplexer                              : 1
# FSMs                                                 : 1

=========================================================================

=========================================================================
*                       Advanced HDL Synthesis                          *
=========================================================================

WARNING:Xst - The specified part-type was not generated at build time. XST is loading the full part-type and will therefore consume more CPU and memory.
Loading device for application Rf_Device from file '7a100t.nph' in environment C:\Xilinx\14.4\ISE_DS\ISE\.
Reading core <ipcore_dir/SinLUT.ngc>.
Reading Secure Unit <blk00000001>.
Loading core <SinLUT> for timing and area information for instance <SinFreqs>.
Loading device for application Rf_Device from file '7a100t.nph' in environment C:\Xilinx\14.4\ISE_DS\ISE\.

Synthesizing (advanced) Unit <DDS>.
The following registers are absorbed into accumulator <curr_phase>: 1 register on signal <curr_phase>.
Unit <DDS> synthesized (advanced).

Synthesizing (advanced) Unit <PWM>.
The following registers are absorbed into counter <count>: 1 register on signal <count>.
Unit <PWM> synthesized (advanced).

=========================================================================
Advanced HDL Synthesis Report

Macro Statistics
# Counters                                             : 1
 10-bit up counter                                     : 1
# Accumulators                                         : 1
 13-bit up accumulator                                 : 1
# Registers                                            : 10
 Flip-Flops                                            : 10
# Comparators                                          : 1
 10-bit comparator greater                             : 1
# Multiplexers                                         : 1
 8-bit 2-to-1 multiplexer                              : 1
# FSMs                                                 : 1

=========================================================================

=========================================================================
*                         Low Level Synthesis                           *
=========================================================================
Analyzing FSM <MFsm> for best encoding.
Optimizing FSM <FSM_0> on signal <curr_state[1:9]> with one-hot encoding.
---------------------
 State  | Encoding
---------------------
 idle   | 000000001
 low_c  | 100000000
 d      | 010000000
 e      | 001000000
 f      | 000100000
 g      | 000010000
 a      | 000001000
 b      | 000000100
 high_c | 000000010
---------------------
WARNING:Xst:1293 - FF/Latch <curr_phase_5> has a constant value of 0 in block <DDS>. This FF/Latch will be trimmed during the optimization process.
WARNING:Xst:1896 - Due to other FF/Latch trimming, FF/Latch <curr_phase_6> has a constant value of 0 in block <DDS>. This FF/Latch will be trimmed during the optimization process.
WARNING:Xst:1896 - Due to other FF/Latch trimming, FF/Latch <curr_phase_7> has a constant value of 0 in block <DDS>. This FF/Latch will be trimmed during the optimization process.
WARNING:Xst:1896 - Due to other FF/Latch trimming, FF/Latch <curr_phase_8> has a constant value of 0 in block <DDS>. This FF/Latch will be trimmed during the optimization process.
WARNING:Xst:1896 - Due to other FF/Latch trimming, FF/Latch <curr_phase_9> has a constant value of 0 in block <DDS>. This FF/Latch will be trimmed during the optimization process.
WARNING:Xst:1896 - Due to other FF/Latch trimming, FF/Latch <curr_phase_10> has a constant value of 0 in block <DDS>. This FF/Latch will be trimmed during the optimization process.
WARNING:Xst:1896 - Due to other FF/Latch trimming, FF/Latch <curr_phase_11> has a constant value of 0 in block <DDS>. This FF/Latch will be trimmed during the optimization process.
WARNING:Xst:1896 - Due to other FF/Latch trimming, FF/Latch <curr_phase_12> has a constant value of 0 in block <DDS>. This FF/Latch will be trimmed during the optimization process.
WARNING:Xst:1895 - Due to other FF/Latch trimming, FF/Latch <phase_0> (without init value) has a constant value of 0 in block <DDS>. This FF/Latch will be trimmed during the optimization process.
WARNING:Xst:1895 - Due to other FF/Latch trimming, FF/Latch <phase_1> (without init value) has a constant value of 0 in block <DDS>. This FF/Latch will be trimmed during the optimization process.
WARNING:Xst:1895 - Due to other FF/Latch trimming, FF/Latch <phase_2> (without init value) has a constant value of 0 in block <DDS>. This FF/Latch will be trimmed during the optimization process.
WARNING:Xst:1895 - Due to other FF/Latch trimming, FF/Latch <phase_3> (without init value) has a constant value of 0 in block <DDS>. This FF/Latch will be trimmed during the optimization process.
WARNING:Xst:1895 - Due to other FF/Latch trimming, FF/Latch <phase_4> (without init value) has a constant value of 0 in block <DDS>. This FF/Latch will be trimmed during the optimization process.
WARNING:Xst:1895 - Due to other FF/Latch trimming, FF/Latch <phase_5> (without init value) has a constant value of 0 in block <DDS>. This FF/Latch will be trimmed during the optimization process.
WARNING:Xst:1895 - Due to other FF/Latch trimming, FF/Latch <phase_6> (without init value) has a constant value of 0 in block <DDS>. This FF/Latch will be trimmed during the optimization process.
WARNING:Xst:1895 - Due to other FF/Latch trimming, FF/Latch <phase_7> (without init value) has a constant value of 0 in block <DDS>. This FF/Latch will be trimmed during the optimization process.
WARNING:Xst:2677 - Node <curr_phase_0> of sequential type is unconnected in block <DDS>.
WARNING:Xst:2677 - Node <curr_phase_1> of sequential type is unconnected in block <DDS>.
WARNING:Xst:2677 - Node <curr_phase_2> of sequential type is unconnected in block <DDS>.
WARNING:Xst:2677 - Node <curr_phase_3> of sequential type is unconnected in block <DDS>.
WARNING:Xst:2677 - Node <curr_phase_4> of sequential type is unconnected in block <DDS>.

Optimizing unit <OctaveKeyboardTop> ...

Mapping all equations...
Building and optimizing final netlist ...
Found area constraint ratio of 100 (+ 5) on block OctaveKeyboardTop, actual ratio is 0.

Final Macro Processing ...

=========================================================================
Final Register Report

Macro Statistics
# Registers                                            : 21
 Flip-Flops                                            : 21

=========================================================================

=========================================================================
*                           Partition Report                            *
=========================================================================

Partition Implementation Status
-------------------------------

  No Partitions were found in this design.

-------------------------------

=========================================================================
*                            Design Summary                             *
=========================================================================

Top Level Output File Name         : OctaveKeyboardTop.ngc

Primitive and Black Box Usage:
------------------------------
# BELS                             : 71
#      GND                         : 1
#      INV                         : 2
#      LUT1                        : 9
#      LUT2                        : 8
#      LUT3                        : 2
#      LUT4                        : 12
#      LUT5                        : 5
#      LUT6                        : 6
#      MUXCY                       : 15
#      VCC                         : 1
#      XORCY                       : 10
# FlipFlops/Latches                : 21
#      FD                          : 21
# Clock Buffers                    : 1
#      BUFGP                       : 1
# IO Buffers                       : 18
#      IBUF                        : 9
#      OBUF                        : 9

Device utilization summary:
---------------------------

Selected Device : xa7a100tcsg324-2i 


Slice Logic Utilization: 
 Number of Slice Registers:              21  out of  126800     0%  
 Number of Slice LUTs:                   44  out of  63400     0%  
    Number used as Logic:                44  out of  63400     0%  

Slice Logic Distribution: 
 Number of LUT Flip Flop pairs used:     45
   Number with an unused Flip Flop:      24  out of     45    53%  
   Number with an unused LUT:             1  out of     45     2%  
   Number of fully used LUT-FF pairs:    20  out of     45    44%  
   Number of unique control sets:         1

IO Utilization: 
 Number of IOs:                          19
 Number of bonded IOBs:                  19  out of    210     9%  

Specific Feature Utilization:
 Number of BUFG/BUFGCTRLs:                1  out of     32     3%  

---------------------------
Partition Resource Summary:
---------------------------

  No Partitions were found in this design.

---------------------------


=========================================================================
Timing Report

NOTE: THESE TIMING NUMBERS ARE ONLY A SYNTHESIS ESTIMATE.
      FOR ACCURATE TIMING INFORMATION PLEASE REFER TO THE TRACE REPORT
      GENERATED AFTER PLACE-and-ROUTE.

Clock Information:
------------------
-----------------------------------+------------------------+-------+
Clock Signal                       | Clock buffer(FF name)  | Load  |
-----------------------------------+------------------------+-------+
clk                                | BUFGP                  | 33    |
-----------------------------------+------------------------+-------+

Asynchronous Control Signals Information:
----------------------------------------
-----------------------------------------------------------------------+---------------------------------------+-------+
Control Signal                                                         | Buffer(FF name)                       | Load  |
-----------------------------------------------------------------------+---------------------------------------+-------+
SinFreqs/blk00000001/debug_phase_nd(SinFreqs/blk00000001/blk00000003:G)| NONE(SinFreqs/blk00000001/blk00000018)| 6     |
SinFreqs/blk00000001/sig0000002a(SinFreqs/blk00000001/blk00000002:P)   | NONE(SinFreqs/blk00000001/blk00000018)| 4     |
-----------------------------------------------------------------------+---------------------------------------+-------+

Timing Summary:
---------------
Speed Grade: -2

   Minimum period: 2.350ns (Maximum Frequency: 425.460MHz)
   Minimum input arrival time before clock: 1.799ns
   Maximum output required time after clock: 1.164ns
   Maximum combinational path delay: 0.915ns

Timing Details:
---------------
All values displayed in nanoseconds (ns)

=========================================================================
Timing constraint: Default period analysis for Clock 'clk'
  Clock period: 2.350ns (frequency: 425.460MHz)
  Total number of paths / destination ports: 188 / 55
-------------------------------------------------------------------------
Delay:               2.350ns (Levels of Logic = 5)
  Source:            sec_inst (RAM)
  Destination:       PulseWM/pulse (FF)
  Source Clock:      clk rising
  Destination Clock: clk rising

  Data Path: sec_inst to PulseWM/pulse
                                Gate     Net
    Cell:in->out      fanout   Delay   Delay  Logical Name (Net Name)
    ----------------------------------------  ------------
     SEC:CLKARDCLK->out    1   0.734   0.339  sec_inst (sec_net)
     end scope: 'SinFreqs/blk00000001:m_axis_data_tdata<25>'
     end scope: 'SinFreqs:m_axis_data_tdata<25>'
     INV:I->O              2   0.113   0.444  PulseWM/offset<9>1_INV_0 (PulseWM/offset<9>)
     LUT4:I2->O            1   0.097   0.000  PulseWM/Mcompar_count[9]_offset[9]_LessThan_2_o_lut<4> (PulseWM/Mcompar_count[9]_offset[9]_LessThan_2_o_lut<4>)
     MUXCY:S->O            1   0.353   0.000  PulseWM/Mcompar_count[9]_offset[9]_LessThan_2_o_cy<4> (PulseWM/Mcompar_count[9]_offset[9]_LessThan_2_o_cy<4>)
     MUXCY:CI->O           1   0.262   0.000  PulseWM/Mcompar_count[9]_offset[9]_LessThan_2_o_cy<4>_inv1_cy (PulseWM/count[9]_offset[9]_LessThan_2_o)
     FD:D                      0.008          PulseWM/pulse
    ----------------------------------------
    Total                      2.350ns (1.567ns logic, 0.783ns route)
                                       (66.7% logic, 33.3% route)

=========================================================================
Timing constraint: Default OFFSET IN BEFORE for Clock 'clk'
  Total number of paths / destination ports: 51 / 9
-------------------------------------------------------------------------
Offset:              1.799ns (Levels of Logic = 4)
  Source:            keys<1> (PAD)
  Destination:       KeyControl/curr_state_FSM_FFd9 (FF)
  Destination Clock: clk rising

  Data Path: keys<1> to KeyControl/curr_state_FSM_FFd9
                                Gate     Net
    Cell:in->out      fanout   Delay   Delay  Logical Name (Net Name)
    ----------------------------------------  ------------
     IBUF:I->O             5   0.001   0.766  keys_1_IBUF (keys_1_IBUF)
     LUT5:I0->O            5   0.097   0.378  KeyControl/curr_state_FSM_FFd9-In111 (KeyControl/curr_state_FSM_FFd9-In11)
     LUT6:I5->O            1   0.097   0.355  KeyControl/curr_state_FSM_FFd9-In1 (KeyControl/curr_state_FSM_FFd9-In1)
     LUT5:I4->O            1   0.097   0.000  KeyControl/curr_state_FSM_FFd9-In4 (KeyControl/curr_state_FSM_FFd9-In)
     FD:D                      0.008          KeyControl/curr_state_FSM_FFd9
    ----------------------------------------
    Total                      1.799ns (0.300ns logic, 1.499ns route)
                                       (16.7% logic, 83.3% route)

=========================================================================
Timing constraint: Default OFFSET OUT AFTER for Clock 'clk'
  Total number of paths / destination ports: 9 / 9
-------------------------------------------------------------------------
Offset:              1.164ns (Levels of Logic = 2)
  Source:            KeyControl/curr_state_FSM_FFd1 (FF)
  Destination:       key_out<7> (PAD)
  Source Clock:      clk rising

  Data Path: KeyControl/curr_state_FSM_FFd1 to key_out<7>
                                Gate     Net
    Cell:in->out      fanout   Delay   Delay  Logical Name (Net Name)
    ----------------------------------------  ------------
     FD:C->Q               3   0.361   0.367  KeyControl/curr_state_FSM_FFd1 (KeyControl/curr_state_FSM_FFd1)
     LUT2:I1->O            1   0.097   0.339  KeyControl/Mmux_key_out81 (key_out_7_OBUF)
     OBUF:I->O                 0.000          key_out_7_OBUF (key_out<7>)
    ----------------------------------------
    Total                      1.164ns (0.458ns logic, 0.706ns route)
                                       (39.3% logic, 60.7% route)

=========================================================================
Timing constraint: Default path analysis
  Total number of paths / destination ports: 8 / 8
-------------------------------------------------------------------------
Delay:               0.915ns (Levels of Logic = 3)
  Source:            led_disable (PAD)
  Destination:       key_out<7> (PAD)

  Data Path: led_disable to key_out<7>
                                Gate     Net
    Cell:in->out      fanout   Delay   Delay  Logical Name (Net Name)
    ----------------------------------------  ------------
     IBUF:I->O             8   0.001   0.478  led_disable_IBUF (led_disable_IBUF)
     LUT2:I0->O            1   0.097   0.339  KeyControl/Mmux_key_out81 (key_out_7_OBUF)
     OBUF:I->O                 0.000          key_out_7_OBUF (key_out<7>)
    ----------------------------------------
    Total                      0.915ns (0.098ns logic, 0.817ns route)
                                       (10.7% logic, 89.3% route)

=========================================================================

Cross Clock Domains Report:
--------------------------

Clock to Setup on destination clock clk
---------------+---------+---------+---------+---------+
               | Src:Rise| Src:Fall| Src:Rise| Src:Fall|
Source Clock   |Dest:Rise|Dest:Rise|Dest:Fall|Dest:Fall|
---------------+---------+---------+---------+---------+
clk            |    2.350|         |         |         |
---------------+---------+---------+---------+---------+

=========================================================================


Total REAL time to Xst completion: 38.00 secs
Total CPU time to Xst completion: 38.52 secs
 
--> 

Total memory usage is 787832 kilobytes

Number of errors   :    0 (   0 filtered)
Number of warnings :   24 (   0 filtered)
Number of infos    :    1 (   0 filtered)

